// Jest Snapshot v1, https://goo.gl/fbAQLP

exports[`Button component renders correctly 1`] = `
.c0 {
  background-color: #f0f3f8;
  border-radius: 0.25rem;
  border: 0;
  color: #7f8fa4;
  cursor: pointer;
  display: inline-block;
  font-family: inherit;
  font-weight: 600;
  margin-bottom: 1rem;
  padding: 0.65rem 1.25rem;
  text-align: center;
  -webkit-text-decoration: none;
  text-decoration: none;
  width: auto;
}

.c1 {
  background-color: #f0f3f8;
  border-radius: 0.25rem;
  border: 0;
  color: #7f8fa4;
  cursor: pointer;
  display: block;
  font-family: inherit;
  font-weight: 600;
  margin-bottom: 1rem;
  padding: 0.65rem 1.25rem;
  text-align: center;
  -webkit-text-decoration: none;
  text-decoration: none;
  width: 100%;
}

<div>
  <button
    className="c0"
    onClick={[Function]}
  >
    Button
  </button>
  <button
    className="c1"
    onClick={[Function]}
  >
    Expanded Button
  </button>
</div>
`;
