// Jest Snapshot v1, https://goo.gl/fbAQLP

exports[`Panel components (Panel, PanelHeading, PanelSection) renders correctly 1`] = `
.c0 {
  background: #fefefe;
  margin: 0 0 1rem;
  padding: 2rem;
  border: 0.0625rem solid #e2e7ee;
  border-radius: 0.25rem;
  overflow: hidden;
}

.c0 > .panel-section:last-child {
  margin-bottom: -2rem;
}

.c1 {
  background: #fafbfc;
  background: linear-gradient( #fafbfc 0%,#edf1f4 100% );
  border-radius: 0.25rem 0.25rem 0 0;
  border-bottom: 0.0625rem solid #e2e7ee;
  margin: -2rem -2rem 2rem;
  padding: 1rem 2rem;
  color: #354052;
  font-weight: 600;
  font-size: 1rem;
  overflow-x: hidden;
  white-space: nowrap;
  text-overflow: ellipsis;
}

.c1 + .panel-section {
  margin-top: -2rem;
}

.c2 {
  margin: 0 -2rem;
  padding: 1.5rem 2rem;
  border-bottom: 1px solid #e2e7ee;
}

.c2:first-child {
  margin-top: -2rem;
}

.c2:last-child {
  border-bottom: 0;
}

<div
  className="c0"
>
  <div
    className="c1"
  >
    Panel Heading
  </div>
  <div
    className="panel-section c2"
  >
    Panel Section 1
  </div>
  <div
    className="panel-section c2"
  >
    Panel Section 1
  </div>
</div>
`;
